// Jest Snapshot v1, https://goo.gl/fbAQLP

exports[`<LanguageProvider /> should render its children 1`] = `
<h1>
  Test
</h1>
`;
