// Jest Snapshot v1, https://goo.gl/fbAQLP

exports[`<App /> Expect to be render correctly 1`] = `
<div
  className="sc-bdVaJa kWmPOr page-header"
>
  <h1>
    <img
      alt="logo"
      className="sc-bwzfXH ldyXqg"
      src="logo.svg"
    />
    Welcome to React
  </h1>
</div>
`;
