// Jest Snapshot v1, https://goo.gl/fbAQLP

exports[`<Home /> Expect to be render correctly 1`] = `
<div
  className="jumbotron"
>
  <p
    className="sc-bdVaJa dQSkNS"
  >
    To get started, edit 
    <code>
      src/App.js
    </code>
     and save to reload.
  </p>
</div>
`;
